PR_BNDRY                 drawing  0    0   
Latchup_MK               marking  137  5   
MCELL_MK                 marking  11   17  
NAT_VT                   drawing  5    0   
DEEP_NWELL               drawing  12   0   
NWELL                    drawing  21   0   
COMP                     drawing  22   0   
COMP                     label    22   10  
COMP                     dummy    22   4 
ESD                      drawing  24   0   
POLY2                    drawing  30   0   
POLY2                    label    30   10  
POLY2                    pin      30   0   
POLY2                    net      30   0   
POLY2                    boundary 30   0   
POLY2                    dummy    30   4   
PPLUS                    drawing  31   0   
NPLUS                    drawing  32   0   
CONT                      drawing  33   0   
MET1                     drawing  34   0   
MET1                     pin      34   0   
MET1                     label    34   10  
MET1                     dummy    34   4   
MET1                     Blockage 34   5   
VIA12                    drawing  35   0  
MET2                     drawing  36   0   
MET2                     pin      36   0   
MET2                     label    36   10  
MET2                     dummy    36   4   
MET2                     Blockage 36   5   
VIA23                    drawing  38   0   
MET3                     drawing  42   0   
MET3                     pin      42   0   
MET3                     label    42   10  
MET3                     dummy    42   4   
MET3                     Blockage 42   5   
VIA34                    drawing  40   0   
MET4                     drawing  46   0   
MET4                     pin      46   0   
MET4                     label    46   10  
MET4                     dummy    46   4   
MET4                     Blockage 46   5   
VIA45                    drawing  41   0   
MET5                     drawing  81   0   
MET5                     pin      81   0   
MET5                     label    81   10  
MET5                     dummy    81   4   
MET5                     Blockage 81   5   
VIA56                    drawing  82   0   
TOPMET                   drawing  53   0   
TOPMET                   pin      53   0   
TOPMET                   label    53   10  
TOPMET                   dummy    53   4   
TOPMET                   Blockage 53   5   
PAD                      drawing  37   0   
PAD                      label    37   10  
SALBLK                   drawing  49   0   
DUALV                    drawing  55   0   
TEXT                     drawing  58   0   
RESISTOR                 drawing  62   0   
LVS_RF                   drawing  100  5   
FUSETOP                  drawing  75   0   
FUSETOP2                 drawing  215  0   
FUSEWINDOW               drawing  96   0   
LOWVT                    drawing  87   0   
G1cell1                  drawing  101  5   
G1cell2                  drawing  102  5   
G1cell3                  drawing  103  5   
G2cell1                  drawing  104  5   
G2cell2                  drawing  105  5   
G2cell3                  drawing  106  5   
G3cell1                  drawing  107  5   
G3cell2                  drawing  108  5   
G3cell3                  drawing  109  5   
RES_MRK                  drawing  110  5   
RES_MRK                  metal1   110  11  
RES_MRK                  metal2   110  12  
RES_MRK                  metal3   110  13  
RES_MRK                  metal4   110  14  
RES_MRK                  metal5   110  15  
RES_MRK                  TOPMET   110  16  
RES_MRK                  Metal_Rec 110  4   
RES_MRK_TYPE1            drawing  26   17
NDMY                     drawing  111  5   
DIODE_MK                 drawing  115  5   
WELL_DIODE_MK            drawing  153  51   
M_DIO                    drawing  116  5   
LVS_CAP                  drawing  117  5   
MIM_L_MK                 drawing  117  10  
LVS_BJT                  drawing  118  5   
LVS_IO                   drawing  119  5   
PISCAP                   drawing  120  0   
IND_MRK                  drawing  151  5   
LVS_RF                   VSIA     63   63  
LVS_PSUB2                marking  23   5   
OTPGATE                  drawing  225  0   
LVS_DRAIN                drawing  100  7   
GA_MK                    drawing  158  6   
PA_MK                    drawing  159  6   
DVNWELL                  drawing  181  0   
LDMOS_XTOR               drawing  226  0   
HVNDDD                   drawing  202  0   
HVPDDD                   drawing  197  0   
LVLDNSD                  drawing  15   39  
LVLDPSD                  drawing  14   39  
PPWELL                   drawing  236  0   
ViaRDL                   drawing  170  0   
MetalRDL                 drawing  171  0   
MetalRDL                 label    171  10  
UBMPPeri                 drawing  183  0   
UBMPArray                drawing  184  0   
UBMEPlate                drawing  185  0   
PROBE_MK                 drawing  13   17  
GUARD_RING_MK            drawing  167  5   
Schottky_diode           drawing  241  0   
8V_MK                    marking  52   8  
Base			 drawing  123  0
PNPBase			 drawing  191  0
Emitter			 drawing  124  0
EMIPOLY			 drawing  132  0
SIC			 drawing  131  0
BuriedPP		 drawing  121  0
DRC_BJT			 drawing  127  5
